
Discarded input sections

 .data          0x00000000        0x0 ./Project_Settings/CSE325_Lib/unsigned_int_div.o
 .bss           0x00000000        0x0 ./Project_Settings/CSE325_Lib/unsigned_int_div.o
 .text          0x00000000       0x20 ./Project_Settings/CSE325_Lib/signed_int_mod.o
 .data          0x00000000        0x0 ./Project_Settings/CSE325_Lib/signed_int_mod.o
 .bss           0x00000000        0x0 ./Project_Settings/CSE325_Lib/signed_int_mod.o
 .ARM.attributes
                0x00000000       0x21 ./Project_Settings/CSE325_Lib/signed_int_mod.o
 .debug_line    0x00000000       0x6c ./Project_Settings/CSE325_Lib/signed_int_mod.o
 .debug_info    0x00000000       0x80 ./Project_Settings/CSE325_Lib/signed_int_mod.o
 .debug_abbrev  0x00000000       0x14 ./Project_Settings/CSE325_Lib/signed_int_mod.o
 .debug_aranges
                0x00000000       0x20 ./Project_Settings/CSE325_Lib/signed_int_mod.o
 .data          0x00000000        0x0 ./Project_Settings/CSE325_Lib/signed_int_div.o
 .bss           0x00000000        0x0 ./Project_Settings/CSE325_Lib/signed_int_div.o
 .text          0x00000000        0x0 ./Project_Settings/CSE325_Lib/libcse325.o
 .data          0x00000000        0x0 ./Project_Settings/CSE325_Lib/libcse325.o
 .bss           0x00000000        0x0 ./Project_Settings/CSE325_Lib/libcse325.o
 .text          0x00000000        0x0 ./Project_Settings/Startup_Code/bare_startup.o
 .data          0x00000000        0x0 ./Project_Settings/Startup_Code/bare_startup.o
 .bss           0x00000000        0x0 ./Project_Settings/Startup_Code/bare_startup.o
 .data          0x00000000        0x0 ./Project_Settings/Startup_Code/bare_asm_startup.o
 .bss           0x00000000        0x0 ./Project_Settings/Startup_Code/bare_asm_startup.o
 .text          0x00000000        0x0 ./Sources/tpm_inc.o
 .data          0x00000000        0x0 ./Sources/tpm_inc.o
 .bss           0x00000000        0x0 ./Sources/tpm_inc.o
 .ARM.attributes
                0x00000000       0x21 ./Sources/tpm_inc.o
 .data          0x00000000        0x0 ./Sources/tpm.o
 .bss           0x00000000        0x0 ./Sources/tpm.o
 .text          0x00000000        0x0 ./Sources/systick.o
 .data          0x00000000        0x0 ./Sources/systick.o
 .bss           0x00000000        0x0 ./Sources/systick.o
 .text.systick_init
                0x00000000       0x24 ./Sources/systick.o
 .text.systick_read
                0x00000000       0x14 ./Sources/systick.o
 .debug_info    0x00000000       0xf2 ./Sources/systick.o
 .debug_abbrev  0x00000000       0xa7 ./Sources/systick.o
 .debug_loc     0x00000000       0x58 ./Sources/systick.o
 .debug_aranges
                0x00000000       0x28 ./Sources/systick.o
 .debug_macinfo
                0x00000000    0x30990 ./Sources/systick.o
 .debug_line    0x00000000       0xb0 ./Sources/systick.o
 .debug_str     0x00000000      0x134 ./Sources/systick.o
 .comment       0x00000000       0x7a ./Sources/systick.o
 .ARM.attributes
                0x00000000       0x31 ./Sources/systick.o
 .debug_frame   0x00000000       0x48 ./Sources/systick.o
 .text          0x00000000        0x0 ./Sources/simon.o
 .data          0x00000000        0x0 ./Sources/simon.o
 .bss           0x00000000        0x0 ./Sources/simon.o
 .bss.turn      0x00000000        0x4 ./Sources/simon.o
 .text          0x00000000        0x0 ./Sources/sim.o
 .data          0x00000000        0x0 ./Sources/sim.o
 .bss           0x00000000        0x0 ./Sources/sim.o
 .text          0x00000000        0x0 ./Sources/rand.o
 .data          0x00000000        0x0 ./Sources/rand.o
 .bss           0x00000000        0x0 ./Sources/rand.o
 .text.rand_init
                0x00000000       0x1c ./Sources/rand.o
 .text          0x00000000        0x0 ./Sources/pushb_inc.o
 .data          0x00000000        0x0 ./Sources/pushb_inc.o
 .bss           0x00000000        0x0 ./Sources/pushb_inc.o
 .ARM.attributes
                0x00000000       0x21 ./Sources/pushb_inc.o
 .data          0x00000000        0x0 ./Sources/pushb.o
 .bss           0x00000000        0x0 ./Sources/pushb.o
 .text          0x00000000        0x0 ./Sources/port.o
 .data          0x00000000        0x0 ./Sources/port.o
 .bss           0x00000000        0x0 ./Sources/port.o
 .text          0x00000000        0x0 ./Sources/main.o
 .data          0x00000000        0x0 ./Sources/main.o
 .bss           0x00000000        0x0 ./Sources/main.o
 .text          0x00000000        0x0 ./Sources/led.o
 .data          0x00000000        0x0 ./Sources/led.o
 .bss           0x00000000        0x0 ./Sources/led.o
 .text          0x00000000        0x0 ./Sources/gpio.o
 .data          0x00000000        0x0 ./Sources/gpio.o
 .bss           0x00000000        0x0 ./Sources/gpio.o
 .text          0x00000000        0x0 ./Sources/global.o
 .data          0x00000000        0x0 ./Sources/global.o
 .bss           0x00000000        0x0 ./Sources/global.o
 .rodata.GLOBAL_FREQ_EXT_CRYSTAL_HZ
                0x00000000        0x4 ./Sources/global.o
 .rodata.GLOBAL_FREQ_EXT_CRYSTAL_KHZ
                0x00000000        0x4 ./Sources/global.o
 .rodata.GLOBAL_FREQ_EXT_CRYSTAL_MHz
                0x00000000        0x4 ./Sources/global.o

Memory Configuration

Name             Origin             Length             Attributes
m_interrupts     0x00000000         0x000000c0         xr
m_cfmprotrom     0x00000400         0x00000010         xr
m_text           0x00000800         0x0003f800         xr
m_data           0x1fffe000         0x00008000         xrw
*default*        0x00000000         0xffffffff

Linker script and memory map

LOAD ./Project_Settings/CSE325_Lib/unsigned_int_div.o
LOAD ./Project_Settings/CSE325_Lib/signed_int_mod.o
LOAD ./Project_Settings/CSE325_Lib/signed_int_div.o
LOAD ./Project_Settings/CSE325_Lib/libcse325.o
LOAD ./Project_Settings/Startup_Code/bare_startup.o
LOAD ./Project_Settings/Startup_Code/bare_asm_startup.o
LOAD ./Sources/tpm_inc.o
LOAD ./Sources/tpm.o
LOAD ./Sources/systick.o
LOAD ./Sources/simon.o
LOAD ./Sources/sim.o
LOAD ./Sources/rand.o
LOAD ./Sources/pushb_inc.o
LOAD ./Sources/pushb.o
LOAD ./Sources/port.o
LOAD ./Sources/main.o
LOAD ./Sources/led.o
LOAD ./Sources/gpio.o
LOAD ./Sources/global.o
                0x20005ffc                __init_sp = 0x20005ffc

.interrupts     0x00000000       0xc0
                0x00000000                __vector_table = .
                0x00000000                . = ALIGN (0x4)
 *(.vectortable)
 .vectortable   0x00000000       0xc0 ./Project_Settings/Startup_Code/bare_startup.o
                0x00000000                bare_vector_table
                0x000000c0                . = ALIGN (0x4)

.cfmprotect     0x00000400        0x0
                0x00000400                . = ALIGN (0x4)
 *(.cfmconfig)
                0x00000400                . = ALIGN (0x4)

.text           0x00000800      0xaa8
                0x00000800                . = ALIGN (0x4)
 *(.text)
 .text          0x00000800       0x30 ./Project_Settings/CSE325_Lib/unsigned_int_div.o
                0x00000800                __aeabi_uidiv
                0x00000800                __aeabi_uidivmod
                0x00000800                __udivsi3
 .text          0x00000830       0x1e ./Project_Settings/CSE325_Lib/signed_int_div.o
                0x00000830                __divsi3
                0x00000830                __aeabi_idiv
 *fill*         0x0000084e        0x2 00
 .text          0x00000850       0x2c ./Project_Settings/Startup_Code/bare_asm_startup.o
                0x00000850                bare_sp_init
                0x00000860                bare_startup
 .text          0x0000087c      0x10c ./Sources/tpm.o
                0x0000087c                tpm_busy_delay_us
                0x000008f0                tpm_busy_delay_ms
 .text          0x00000988       0x58 ./Sources/pushb.o
                0x00000988                pushb_init_A1
                0x00000994                pushb_init_A2
                0x000009a0                pushb_init_A12
                0x000009ac                pushb_init_D
                0x000009b8                pushb_poll_A1
                0x000009c0                pushb_poll_A2
                0x000009c8                pushb_poll_A12
                0x000009d0                pushb_poll_D
                0x000009d8                pushb_poll_all
 *(.text*)
 .text.cse325_memcpy
                0x000009e0       0x4c ./Project_Settings/CSE325_Lib/libcse325.o
                0x000009e0                cse325_memcpy
 .text.cse325_memset
                0x00000a2c       0x3c ./Project_Settings/CSE325_Lib/libcse325.o
                0x00000a2c                cse325_memset
 .text.bare_bss_zero_fill
                0x00000a68       0x24 ./Project_Settings/Startup_Code/bare_startup.o
                0x00000a68                bare_bss_zero_fill
 .text.bare_clocks_init
                0x00000a8c      0x154 ./Project_Settings/Startup_Code/bare_startup.o
 .text.bare_copy_rom_sections_to_ram
                0x00000be0       0x68 ./Project_Settings/Startup_Code/bare_startup.o
                0x00000be0                bare_copy_rom_sections_to_ram
 .text.bare_default_isr
                0x00000c48        0xc ./Project_Settings/Startup_Code/bare_startup.o
                0x00000c48                adc0_isr
                0x00000c48                portscd_isr
                0x00000c48                uart0_isr
                0x00000c48                i2c0_isr
                0x00000c48                tpm1_isr
                0x00000c48                slcd_isr
                0x00000c48                uart2_isr
                0x00000c48                spi1_isr
                0x00000c48                dma0_isr
                0x00000c48                i2c1_isr
                0x00000c48                lptimer_isr
                0x00000c48                spi0_isr
                0x00000c48                dma1_isr
                0x00000c48                systick_isr
                0x00000c48                dma3_isr
                0x00000c48                tsi0_isr
                0x00000c48                rtcalarm_isr
                0x00000c48                pendsv_isr
                0x00000c48                uart1_isr
                0x00000c48                porta_isr
                0x00000c48                ftfa_isr
                0x00000c48                pmc_isr
                0x00000c48                svc_isr
                0x00000c48                tpm0_isr
                0x00000c48                nmi_isr
                0x00000c48                dma2_isr
                0x00000c48                i2s0_isr
                0x00000c48                cmp0_isr
                0x00000c48                rtcsecs_isr
                0x00000c48                pit_isr
                0x00000c48                usbotg_isr
                0x00000c48                dac0_isr
                0x00000c48                bare_default_isr
                0x00000c48                mcg_isr
                0x00000c48                llw_isr
                0x00000c48                tpm2_isr
 .text.bare_hardfault_isr
                0x00000c54        0xc ./Project_Settings/Startup_Code/bare_startup.o
                0x00000c54                bare_hardfault_isr
                0x00000c54                hardfault_isr
 .text.bare_hw_init
                0x00000c60       0x30 ./Project_Settings/Startup_Code/bare_startup.o
                0x00000c60                bare_hw_init
 .text.simonGame
                0x00000c90      0x27c ./Sources/simon.o
                0x00000c90                simonGame
 .text.uc_sim_clk
                0x00000f0c       0x48 ./Sources/sim.o
                0x00000f0c                uc_sim_clk
 .text.rand_next
                0x00000f54       0x30 ./Sources/rand.o
                0x00000f54                rand_next
 .text.rand_between
                0x00000f84       0x34 ./Sources/rand.o
                0x00000f84                rand_between
 .text.uc_port_gpioB
                0x00000fb8       0x44 ./Sources/port.o
                0x00000fb8                uc_port_gpioB
 .text.uc_port_gpioA
                0x00000ffc       0x38 ./Sources/port.o
                0x00000ffc                uc_port_gpioA
 .text.uc_port_gpioD
                0x00001034       0x1c ./Sources/port.o
                0x00001034                uc_port_gpioD
 .text.main     0x00001050       0x14 ./Sources/main.o
                0x00001050                main
 .text.hw_init  0x00001064       0x48 ./Sources/main.o
                0x00001064                hw_init
 .text.uc_led_on
                0x000010ac       0x28 ./Sources/led.o
                0x000010ac                uc_led_on
 .text.uc_led_off
                0x000010d4       0x28 ./Sources/led.o
                0x000010d4                uc_led_off
 .text.uc_led_all_off
                0x000010fc       0x20 ./Sources/led.o
                0x000010fc                uc_led_all_off
 .text.uc_led_all_on
                0x0000111c       0x20 ./Sources/led.o
                0x0000111c                uc_led_all_on
 .text.uc_led_after_win
                0x0000113c       0x44 ./Sources/led.o
                0x0000113c                uc_led_after_win
 .text.uc_gpio_config_B
                0x00001180       0x28 ./Sources/gpio.o
                0x00001180                uc_gpio_config_B
 .text.uc_gpio_config_A
                0x000011a8       0x28 ./Sources/gpio.o
                0x000011a8                uc_gpio_config_A
 .text.uc_gpio_config_D
                0x000011d0       0x28 ./Sources/gpio.o
                0x000011d0                uc_gpio_config_D
 .text.uc_gpio_pin_test_A
                0x000011f8       0x2c ./Sources/gpio.o
                0x000011f8                uc_gpio_pin_test_A
 .text.uc_gpio_pin_test
                0x00001224       0x58 ./Sources/gpio.o
                0x00001224                uc_gpio_pin_test
 .text.uc_gpio_pin_test_D
                0x0000127c       0x2c ./Sources/gpio.o
                0x0000127c                uc_gpio_pin_test_D
 *(.rodata)
 *(.rodata*)
                0x000012a8                . = ALIGN (0x4)
                0x000012a8                ___ROM_AT = .

.glue_7         0x000012a8        0x0
 .glue_7        0x00000000        0x0 linker stubs

.glue_7t        0x000012a8        0x0
 .glue_7t       0x00000000        0x0 linker stubs

.vfp11_veneer   0x000012a8        0x0
 .vfp11_veneer  0x00000000        0x0 linker stubs

.v4_bx          0x000012a8        0x0
 .v4_bx         0x00000000        0x0 linker stubs

.iplt           0x000012a8        0x0
 .iplt          0x00000000        0x0 ./Project_Settings/CSE325_Lib/unsigned_int_div.o

.rel.dyn        0x000012a8        0x0
 .rel.iplt      0x00000000        0x0 ./Project_Settings/CSE325_Lib/unsigned_int_div.o

.data           0x1fffe000        0x0 load address 0x000012a8
                0x1fffe000                . = ALIGN (0x4)
                0x1fffe000                __data_begin = .
 *(.data)
 *(.data*)
                0x1fffe000                . = ALIGN (0x4)
                0x1fffe000                __data_end = .
                0x00000000                __data_size = (__data_end - __data_begin)

.igot.plt       0x1fffe000        0x0
 .igot.plt      0x00000000        0x0 ./Project_Settings/CSE325_Lib/unsigned_int_div.o
                0x1fffe000                . = ALIGN (0x4)

.bss            0x1fffe000       0x20
                0x1fffe000                PROVIDE (__bss_begin, .)
 *(.bss)
 *(.bss*)
 .bss.prev      0x1fffe000        0x4 ./Sources/rand.o
                0x1fffe000                prev
 .bss.global_bus_clock_freq_mhz
                0x1fffe004        0x4 ./Sources/global.o
                0x1fffe004                global_bus_clock_freq_mhz
 .bss.global_core_clock_freq_mhz
                0x1fffe008        0x4 ./Sources/global.o
                0x1fffe008                global_core_clock_freq_mhz
 .bss.global_flash_clock_freq_mhz
                0x1fffe00c        0x4 ./Sources/global.o
                0x1fffe00c                global_flash_clock_freq_mhz
 .bss.global_mcgirclk_freq_mhz
                0x1fffe010        0x4 ./Sources/global.o
                0x1fffe010                global_mcgirclk_freq_mhz
 .bss.global_platform_clock_freq_mhz
                0x1fffe014        0x4 ./Sources/global.o
                0x1fffe014                global_platform_clock_freq_mhz
 .bss.global_oscerclk_freq_mhz
                0x1fffe018        0x4 ./Sources/global.o
                0x1fffe018                global_oscerclk_freq_mhz
 .bss.global_system_clock_freq_mhz
                0x1fffe01c        0x4 ./Sources/global.o
                0x1fffe01c                global_system_clock_freq_mhz
 *(COMMON)
                0x1fffe020                . = ALIGN (0x4)
                0x1fffe020                PROVIDE (__bss_end, .)
                0x000012a8                __romp_at = (___ROM_AT + SIZEOF (.data))

.romp           0x1fffe020       0x18 load address 0x000012a8
                0x000012a8                __romp = __romp_at
                0x1fffe020        0x4 LONG 0x12a8 ___ROM_AT
                0x1fffe024        0x4 LONG 0x1fffe000 __data_begin
                0x1fffe028        0x4 LONG 0x0 __data_size
                0x1fffe02c        0x4 LONG 0x0
                0x1fffe030        0x4 LONG 0x0
                0x1fffe034        0x4 LONG 0x0
OUTPUT(p04_real.elf elf32-littlearm)

.ARM.attributes
                0x00000000       0x2d
 .ARM.attributes
                0x00000000       0x21 ./Project_Settings/CSE325_Lib/unsigned_int_div.o
 .ARM.attributes
                0x00000021       0x21 ./Project_Settings/CSE325_Lib/signed_int_div.o
 .ARM.attributes
                0x00000042       0x31 ./Project_Settings/CSE325_Lib/libcse325.o
 .ARM.attributes
                0x00000073       0x31 ./Project_Settings/Startup_Code/bare_startup.o
 .ARM.attributes
                0x000000a4       0x21 ./Project_Settings/Startup_Code/bare_asm_startup.o
 .ARM.attributes
                0x000000c5       0x21 ./Sources/tpm.o
 .ARM.attributes
                0x000000e6       0x31 ./Sources/simon.o
 .ARM.attributes
                0x00000117       0x31 ./Sources/sim.o
 .ARM.attributes
                0x00000148       0x31 ./Sources/rand.o
 .ARM.attributes
                0x00000179       0x21 ./Sources/pushb.o
 .ARM.attributes
                0x0000019a       0x31 ./Sources/port.o
 .ARM.attributes
                0x000001cb       0x31 ./Sources/main.o
 .ARM.attributes
                0x000001fc       0x31 ./Sources/led.o
 .ARM.attributes
                0x0000022d       0x31 ./Sources/gpio.o
 .ARM.attributes
                0x0000025e       0x31 ./Sources/global.o

.comment        0x00000000       0x79
 .comment       0x00000000       0x79 ./Project_Settings/CSE325_Lib/libcse325.o
                                 0x7a (size before relaxing)
 .comment       0x00000000       0x7a ./Project_Settings/Startup_Code/bare_startup.o
 .comment       0x00000000       0x7a ./Sources/simon.o
 .comment       0x00000000       0x7a ./Sources/sim.o
 .comment       0x00000000       0x7a ./Sources/rand.o
 .comment       0x00000000       0x7a ./Sources/port.o
 .comment       0x00000000       0x7a ./Sources/main.o
 .comment       0x00000000       0x7a ./Sources/led.o
 .comment       0x00000000       0x7a ./Sources/gpio.o
 .comment       0x00000000       0x7a ./Sources/global.o

.debug_line     0x00000000      0xb57
 .debug_line    0x00000000       0x78 ./Project_Settings/CSE325_Lib/unsigned_int_div.o
 .debug_line    0x00000078       0x6c ./Project_Settings/CSE325_Lib/signed_int_div.o
 .debug_line    0x000000e4       0xd6 ./Project_Settings/CSE325_Lib/libcse325.o
 .debug_line    0x000001ba      0x161 ./Project_Settings/Startup_Code/bare_startup.o
 .debug_line    0x0000031b       0x72 ./Project_Settings/Startup_Code/bare_asm_startup.o
 .debug_line    0x0000038d       0xb6 ./Sources/tpm.o
 .debug_line    0x00000443      0x117 ./Sources/simon.o
 .debug_line    0x0000055a       0x97 ./Sources/sim.o
 .debug_line    0x000005f1       0xca ./Sources/rand.o
 .debug_line    0x000006bb       0x64 ./Sources/pushb.o
 .debug_line    0x0000071f       0xbc ./Sources/port.o
 .debug_line    0x000007db      0x115 ./Sources/main.o
 .debug_line    0x000008f0       0xf3 ./Sources/led.o
 .debug_line    0x000009e3       0xf6 ./Sources/gpio.o
 .debug_line    0x00000ad9       0x7e ./Sources/global.o

.debug_info     0x00000000     0x1517
 .debug_info    0x00000000       0x82 ./Project_Settings/CSE325_Lib/unsigned_int_div.o
 .debug_info    0x00000082       0x80 ./Project_Settings/CSE325_Lib/signed_int_div.o
 .debug_info    0x00000102       0xef ./Project_Settings/CSE325_Lib/libcse325.o
 .debug_info    0x000001f1      0x711 ./Project_Settings/Startup_Code/bare_startup.o
 .debug_info    0x00000902       0x84 ./Project_Settings/Startup_Code/bare_asm_startup.o
 .debug_info    0x00000986       0x61 ./Sources/tpm.o
 .debug_info    0x000009e7       0xfd ./Sources/simon.o
 .debug_info    0x00000ae4      0x2a8 ./Sources/sim.o
 .debug_info    0x00000d8c       0xfe ./Sources/rand.o
 .debug_info    0x00000e8a       0x63 ./Sources/pushb.o
 .debug_info    0x00000eed      0x140 ./Sources/port.o
 .debug_info    0x0000102d       0x86 ./Sources/main.o
 .debug_info    0x000010b3      0x16c ./Sources/led.o
 .debug_info    0x0000121f      0x1da ./Sources/gpio.o
 .debug_info    0x000013f9      0x11e ./Sources/global.o

.debug_abbrev   0x00000000      0x702
 .debug_abbrev  0x00000000       0x14 ./Project_Settings/CSE325_Lib/unsigned_int_div.o
 .debug_abbrev  0x00000014       0x14 ./Project_Settings/CSE325_Lib/signed_int_div.o
 .debug_abbrev  0x00000028       0x79 ./Project_Settings/CSE325_Lib/libcse325.o
 .debug_abbrev  0x000000a1      0x185 ./Project_Settings/Startup_Code/bare_startup.o
 .debug_abbrev  0x00000226       0x14 ./Project_Settings/Startup_Code/bare_asm_startup.o
 .debug_abbrev  0x0000023a       0x14 ./Sources/tpm.o
 .debug_abbrev  0x0000024e       0x87 ./Sources/simon.o
 .debug_abbrev  0x000002d5       0x9e ./Sources/sim.o
 .debug_abbrev  0x00000373       0xa7 ./Sources/rand.o
 .debug_abbrev  0x0000041a       0x14 ./Sources/pushb.o
 .debug_abbrev  0x0000042e       0xa4 ./Sources/port.o
 .debug_abbrev  0x000004d2       0x50 ./Sources/main.o
 .debug_abbrev  0x00000522       0xa9 ./Sources/led.o
 .debug_abbrev  0x000005cb       0xea ./Sources/gpio.o
 .debug_abbrev  0x000006b5       0x4d ./Sources/global.o

.debug_aranges  0x00000000      0x278
 .debug_aranges
                0x00000000       0x20 ./Project_Settings/CSE325_Lib/unsigned_int_div.o
 .debug_aranges
                0x00000020       0x20 ./Project_Settings/CSE325_Lib/signed_int_div.o
 .debug_aranges
                0x00000040       0x28 ./Project_Settings/CSE325_Lib/libcse325.o
 .debug_aranges
                0x00000068       0x48 ./Project_Settings/Startup_Code/bare_startup.o
 .debug_aranges
                0x000000b0       0x20 ./Project_Settings/Startup_Code/bare_asm_startup.o
 .debug_aranges
                0x000000d0       0x20 ./Sources/tpm.o
 .debug_aranges
                0x000000f0       0x20 ./Sources/simon.o
 .debug_aranges
                0x00000110       0x20 ./Sources/sim.o
 .debug_aranges
                0x00000130       0x30 ./Sources/rand.o
 .debug_aranges
                0x00000160       0x20 ./Sources/pushb.o
 .debug_aranges
                0x00000180       0x30 ./Sources/port.o
 .debug_aranges
                0x000001b0       0x28 ./Sources/main.o
 .debug_aranges
                0x000001d8       0x40 ./Sources/led.o
 .debug_aranges
                0x00000218       0x48 ./Sources/gpio.o
 .debug_aranges
                0x00000260       0x18 ./Sources/global.o

.debug_loc      0x00000000      0x5a6
 .debug_loc     0x00000000       0x70 ./Project_Settings/CSE325_Lib/libcse325.o
 .debug_loc     0x00000070      0x120 ./Project_Settings/Startup_Code/bare_startup.o
 .debug_loc     0x00000190       0x3a ./Sources/simon.o
 .debug_loc     0x000001ca       0x2c ./Sources/sim.o
 .debug_loc     0x000001f6       0x9c ./Sources/rand.o
 .debug_loc     0x00000292       0x84 ./Sources/port.o
 .debug_loc     0x00000316       0x58 ./Sources/main.o
 .debug_loc     0x0000036e       0xf4 ./Sources/led.o
 .debug_loc     0x00000462      0x144 ./Sources/gpio.o

.debug_macinfo  0x00000000   0x1e6097
 .debug_macinfo
                0x00000000    0x30991 ./Project_Settings/CSE325_Lib/libcse325.o
 .debug_macinfo
                0x00030991    0x309ab ./Project_Settings/Startup_Code/bare_startup.o
 .debug_macinfo
                0x0006133c    0x309d8 ./Sources/simon.o
 .debug_macinfo
                0x00091d14    0x3098c ./Sources/sim.o
 .debug_macinfo
                0x000c26a0    0x309a3 ./Sources/rand.o
 .debug_macinfo
                0x000f3043    0x3098d ./Sources/port.o
 .debug_macinfo
                0x001239d0    0x30a1e ./Sources/main.o
 .debug_macinfo
                0x001543ee    0x3099e ./Sources/led.o
 .debug_macinfo
                0x00184d8c    0x3098d ./Sources/gpio.o
 .debug_macinfo
                0x001b5719    0x3097e ./Sources/global.o

.debug_str      0x00000000      0x73f
 .debug_str     0x00000000      0x140 ./Project_Settings/CSE325_Lib/libcse325.o
                                0x14c (size before relaxing)
 .debug_str     0x00000140      0x35b ./Project_Settings/Startup_Code/bare_startup.o
                                0x438 (size before relaxing)
 .debug_str     0x0000049b       0x3c ./Sources/simon.o
                                0x119 (size before relaxing)
 .debug_str     0x000004d7       0x1c ./Sources/sim.o
                                0x1e8 (size before relaxing)
 .debug_str     0x000004f3       0x56 ./Sources/rand.o
                                0x134 (size before relaxing)
 .debug_str     0x00000549       0x68 ./Sources/port.o
                                0x159 (size before relaxing)
 .debug_str     0x000005b1       0x17 ./Sources/main.o
                                 0xf4 (size before relaxing)
 .debug_str     0x000005c8       0x8d ./Sources/led.o
                                0x16b (size before relaxing)
 .debug_str     0x00000655       0x83 ./Sources/gpio.o
                                0x19a (size before relaxing)
 .debug_str     0x000006d8       0x67 ./Sources/global.o
                                0x204 (size before relaxing)

.debug_frame    0x00000000      0x3f8
 .debug_frame   0x00000000       0x50 ./Project_Settings/CSE325_Lib/libcse325.o
 .debug_frame   0x00000050       0xc0 ./Project_Settings/Startup_Code/bare_startup.o
 .debug_frame   0x00000110       0x34 ./Sources/simon.o
 .debug_frame   0x00000144       0x2c ./Sources/sim.o
 .debug_frame   0x00000170       0x6c ./Sources/rand.o
 .debug_frame   0x000001dc       0x64 ./Sources/port.o
 .debug_frame   0x00000240       0x48 ./Sources/main.o
 .debug_frame   0x00000288       0xa4 ./Sources/led.o
 .debug_frame   0x0000032c       0xcc ./Sources/gpio.o
